Nothing to build in platform 'zc702_edt'

19:09:15 **** Build of configuration Debug for project hello_world ****
make all 
make --no-print-directory pre-build
a9-linaro-pre-build-step
 
make --no-print-directory main-build
Building file: ../src/helloworld.c
Invoking: ARM v7 gcc compiler
arm-none-eabi-gcc -Wall -O0 -g3 -c -fmessage-length=0 -MT"src/helloworld.o" -mcpu=cortex-a9 -mfpu=vfpv3 -mfloat-abi=hard -I/home/rrr/Xproject/edt_zc702_workspace/zc702_edt/export/zc702_edt/sw/zc702_edt/standalone_domain/bspinclude/include -MMD -MP -MF"src/helloworld.d" -MT"src/helloworld.o" -o "src/helloworld.o" "../src/helloworld.c"
Finished building: ../src/helloworld.c
 
Building file: ../src/platform.c
Invoking: ARM v7 gcc compiler
arm-none-eabi-gcc -Wall -O0 -g3 -c -fmessage-length=0 -MT"src/platform.o" -mcpu=cortex-a9 -mfpu=vfpv3 -mfloat-abi=hard -I/home/rrr/Xproject/edt_zc702_workspace/zc702_edt/export/zc702_edt/sw/zc702_edt/standalone_domain/bspinclude/include -MMD -MP -MF"src/platform.d" -MT"src/platform.o" -o "src/platform.o" "../src/platform.c"
Finished building: ../src/platform.c
 
Building target: hello_world.elf
Invoking: ARM v7 gcc linker
arm-none-eabi-gcc -mcpu=cortex-a9 -mfpu=vfpv3 -mfloat-abi=hard -Wl,-build-id=none -specs=Xilinx.spec -Wl,-T -Wl,../src/lscript.ld -L/home/rrr/Xproject/edt_zc702_workspace/zc702_edt/export/zc702_edt/sw/zc702_edt/standalone_domain/bsplib/lib -o "hello_world.elf"  ./src/helloworld.o ./src/platform.o   -Wl,--start-group,-lxil,-lgcc,-lc,--end-group
Finished building target: hello_world.elf
 
Invoking: ARM v7 Print Size
arm-none-eabi-size hello_world.elf  |tee "hello_world.elf.size"
   text	   data	    bss	    dec	    hex	filename
  19100	   1144	  22568	  42812	   a73c	hello_world.elf
Finished building: hello_world.elf.size
 
19:09:16 **** Build of configuration Debug for project hello_world_system ****
make all 
Generating bif file for the system project
Executing command '::scw::generate_bif -xpfm /home/rrr/Xproject/edt_zc702_workspace/zc702_edt/export/zc702_edt/zc702_edt.xpfm -domains standalone_domain -bifpath /home/rrr/Xproject/edt_zc702_workspace/hello_world_system/Debug/system.bif' on XSCT
sdcard_gen --xpfm /home/rrr/Xproject/edt_zc702_workspace/zc702_edt/export/zc702_edt/zc702_edt.xpfm --sys_config zc702_edt --bif /home/rrr/Xproject/edt_zc702_workspace/hello_world_system/Debug/system.bif --no_bitstream --elf /home/rrr/Xproject/edt_zc702_workspace/hello_world/Debug/hello_world.elf,ps7_cortexa9_0
Running /tools/Xilinx/Vitis/2022.2/bin/bootgen  -image /home/rrr/Xproject/edt_zc702_workspace/hello_world_system/Debug/sd_card_temp/boot.bif -w -o i BOOT.BIN
